# ==============================================================================
# CORE SYSTEM & DAEMONS
# ==============================================================================
uwsm                                        # Standalone Wayland session manager
networkmanager                              # Network management daemon
network-manager-applet                      # System tray applet for NetworkManager
bluez                                       # Bluetooth protocol stack
bluez-utils                                 # Bluetooth CLI tools
blueman                                     # Bluetooth GUI manager
udiskie                                     # Automatic removable media mounting
brightnessctl                               # Display brightness control
playerctl                                   # Media player controller (MPRIS)

# ==============================================================================
# AUDIO PIPELINE (PIPEWIRE)
# ==============================================================================
pipewire                                    # Core audio/video server
wireplumber                                 # PipeWire session manager
pipewire-audio                              # Audio support
pipewire-alsa                               # ALSA compatibility plugin
pipewire-pulse                              # PulseAudio compatibility plugin
pipewire-jack                               # JACK compatibility plugin
gst-plugin-pipewire                         # GStreamer PipeWire plugin
pavucontrol                                 # PulseAudio/PipeWire GUI volume control
pamixer                                     # Command-line volume control

# ==============================================================================
# DISPLAY MANAGER & LOGIN
# ==============================================================================
sddm                                        # QML-based display manager
qt5-quickcontrols                           # SDDM theme support
qt5-quickcontrols2                          # SDDM theme support
qt5-graphicaleffects                        # SDDM visual effects

# ==============================================================================
# DESKTOP ENVIRONMENT & WAYLAND UTILITIES
# ==============================================================================
hyprland                                    # Dynamic tiling Wayland compositor
hypridle                                    # Idle management daemon
hyprlock                                    # Screen locker
hyprsunset                                  # Blue light filter / color temperature
waybar                                      # Customizable GTK status bar
rofi-wayland                                # Application launcher and switcher
dunst                                       # Lightweight notification daemon
awww                                        # Wayland wallpaper daemon
wlogout                                     # Graphical logout menu
nwg-displays                                # Monitor layout management GUI

# ==============================================================================
# SCREENSHOT & CLIPBOARD UTILITIES
# ==============================================================================
grim                                        # Screen capture utility
slurp                                       # Region selection tool
satty                                       # Screenshot annotation tool
hyprpicker                                  # WLRoots color picker
cliphist                                    # Clipboard history manager
wl-clip-persist                             # Clipboard persistence daemon

# ==============================================================================
# SYSTEM INTEGRATION & DEPENDENCIES
# ==============================================================================
hyprpolkitagent                             # PolicyKit authentication agent
xdg-desktop-portal-hyprland                 # Hyprland backend for XDG desktop portal
xdg-desktop-portal-gtk                      # GTK fallback portal (file chooser/DBus)
xdg-user-dirs                               # Standard user directory generator
libnotify                                   # Desktop notification library
pacman-contrib                              # Arch package maintenance scripts
parallel                                    # Shell execution parallelism tool
jq                                          # Command-line JSON processor
imagemagick                                 # Image manipulation tool set
# ==============================================================================
# THEMING & QT/GTK INTEGRATION
# ==============================================================================
nwg-look                                    # GTK theme configuration tool
qt5ct                                       # Qt5 configuration tool
qt6ct                                       # Qt6 configuration tool
kvantum                                     # SVG-based theme engine (Qt6)
kvantum-qt5                                 # SVG-based theme engine (Qt5)
qt5-wayland                                 # Wayland platform plugin for Qt5
qt6-wayland                                 # Wayland platform plugin for Qt6
noto-fonts-emoji                            # Color emoji support
# ==============================================================================
# SHELL & PROMPT
# ==============================================================================
fish                                        # Interactive command-line shell
zsh                                         # Z shell
starship                                    # Cross-shell prompt generator
hyprquery                                   # Hyprland configuration query tool

# ==============================================================================
# TERMINAL & CLI UTILITIES
# ==============================================================================
kitty                                       # GPU-accelerated terminal emulator
vim                                         # Console text editor
fzf                                         # Command-line fuzzy finder
fastfetch                                   # System information display tool

# ==============================================================================
# CORE WORKSPACE & MEDIA APPLICATIONS
# ==============================================================================
chromium                                    # Primary Web Browser
obs-studio                                  # Video Recording & Live Streaming
steam                                       # Gaming Platform
discord                                     # Communication Client
vlc                                         # Feature-complete media player
vlc-plugins-all                             # Extra audio/video codecs for VLC
code                                        # Visual Studio Code (Open Source build)
dolphin                                     # File manager
qt5-imageformats                            # Image thumbnails for Dolphin
ffmpegthumbs                                # Video thumbnails for Dolphin
kde-cli-tools                               # File association defaults for Dolphin
ark                                         # Graphical archive manager
